2026-04-27 22:51:55,299 | ERROR | Attendence.admin | admin.py:91 | class_controls() | Failed to fetch classes
Traceback (most recent call last):
  File "D:\AI-AGENT_Krishnaik\Python\Attandance\atenv\Lib\site-packages\httpx\_transports\default.py", line 101, in map_httpcore_exceptions
    yield
  File "D:\AI-AGENT_Krishnaik\Python\Attandance\atenv\Lib\site-packages\httpx\_transports\default.py", line 250, in handle_request
    resp = self._pool.handle_request(req)
  File "D:\AI-AGENT_Krishnaik\Python\Attandance\atenv\Lib\site-packages\httpcore\_sync\connection_pool.py", line 256, in handle_request
    raise exc from None
  File "D:\AI-AGENT_Krishnaik\Python\Attandance\atenv\Lib\site-packages\httpcore\_sync\connection_pool.py", line 236, in handle_request
    response = connection.handle_request(
        pool_request.request
    )
  File "D:\AI-AGENT_Krishnaik\Python\Attandance\atenv\Lib\site-packages\httpcore\_sync\connection.py", line 101, in handle_request
    raise exc
  File "D:\AI-AGENT_Krishnaik\Python\Attandance\atenv\Lib\site-packages\httpcore\_sync\connection.py", line 78, in handle_request
    stream = self._connect(request)
  File "D:\AI-AGENT_Krishnaik\Python\Attandance\atenv\Lib\site-packages\httpcore\_sync\connection.py", line 124, in _connect
    stream = self._network_backend.connect_tcp(**kwargs)
  File "D:\AI-AGENT_Krishnaik\Python\Attandance\atenv\Lib\site-packages\httpcore\_backends\sync.py", line 207, in connect_tcp
    with map_exceptions(exc_map):
         ~~~~~~~~~~~~~~^^^^^^^^^
  File "C:\Users\aiswa\AppData\Local\Programs\Python\Python313\Lib\contextlib.py", line 162, in __exit__
    self.gen.throw(value)
    ~~~~~~~~~~~~~~^^^^^^^
  File "D:\AI-AGENT_Krishnaik\Python\Attandance\atenv\Lib\site-packages\httpcore\_exceptions.py", line 14, in map_exceptions
    raise to_exc(exc) from exc
httpcore.ConnectError: [Errno 11001] getaddrinfo failed

The above exception was the direct cause of the following exception:

Traceback (most recent call last):
  File "D:\AI-AGENT_Krishnaik\Python\Attandance\Attendence\admin.py", line 88, in class_controls
    classes_resp = supabase.table("classroom_settings").select("*").execute()
  File "D:\AI-AGENT_Krishnaik\Python\Attandance\atenv\Lib\site-packages\postgrest\_sync\request_builder.py", line 47, in execute
    r = self.request.send()
  File "D:\AI-AGENT_Krishnaik\Python\Attandance\atenv\Lib\site-packages\postgrest\base_request_builder.py", line 81, in send
    return self.session.request(
           ~~~~~~~~~~~~~~~~~~~~^
        self.http_method,
        ^^^^^^^^^^^^^^^^^
    ...<4 lines>...
        auth=self.auth,
        ^^^^^^^^^^^^^^^
    )
    ^
  File "D:\AI-AGENT_Krishnaik\Python\Attandance\atenv\Lib\site-packages\httpx\_client.py", line 825, in request
    return self.send(request, auth=auth, follow_redirects=follow_redirects)
           ~~~~~~~~~^^^^^^^^^^^^^^^^^^^^^^^^^^^^^^^^^^^^^^^^^^^^^^^^^^^^^^^
  File "D:\AI-AGENT_Krishnaik\Python\Attandance\atenv\Lib\site-packages\httpx\_client.py", line 914, in send
    response = self._send_handling_auth(
        request,
    ...<2 lines>...
        history=[],
    )
  File "D:\AI-AGENT_Krishnaik\Python\Attandance\atenv\Lib\site-packages\httpx\_client.py", line 942, in _send_handling_auth
    response = self._send_handling_redirects(
        request,
        follow_redirects=follow_redirects,
        history=history,
    )
  File "D:\AI-AGENT_Krishnaik\Python\Attandance\atenv\Lib\site-packages\httpx\_client.py", line 979, in _send_handling_redirects
    response = self._send_single_request(request)
  File "D:\AI-AGENT_Krishnaik\Python\Attandance\atenv\Lib\site-packages\httpx\_client.py", line 1014, in _send_single_request
    response = transport.handle_request(request)
  File "D:\AI-AGENT_Krishnaik\Python\Attandance\atenv\Lib\site-packages\httpx\_transports\default.py", line 249, in handle_request
    with map_httpcore_exceptions():
         ~~~~~~~~~~~~~~~~~~~~~~~^^
  File "C:\Users\aiswa\AppData\Local\Programs\Python\Python313\Lib\contextlib.py", line 162, in __exit__
    self.gen.throw(value)
    ~~~~~~~~~~~~~~^^^^^^^
  File "D:\AI-AGENT_Krishnaik\Python\Attandance\atenv\Lib\site-packages\httpx\_transports\default.py", line 118, in map_httpcore_exceptions
    raise mapped_exc(message) from exc
httpx.ConnectError: [Errno 11001] getaddrinfo failed
2026-04-27 22:52:33,177 | ERROR | Attendence.admin | admin.py:81 | sidebar_controls() | Error in sidebar_controls
Traceback (most recent call last):
  File "D:\AI-AGENT_Krishnaik\Python\Attandance\atenv\Lib\site-packages\httpx\_transports\default.py", line 101, in map_httpcore_exceptions
    yield
  File "D:\AI-AGENT_Krishnaik\Python\Attandance\atenv\Lib\site-packages\httpx\_transports\default.py", line 250, in handle_request
    resp = self._pool.handle_request(req)
  File "D:\AI-AGENT_Krishnaik\Python\Attandance\atenv\Lib\site-packages\httpcore\_sync\connection_pool.py", line 256, in handle_request
    raise exc from None
  File "D:\AI-AGENT_Krishnaik\Python\Attandance\atenv\Lib\site-packages\httpcore\_sync\connection_pool.py", line 236, in handle_request
    response = connection.handle_request(
        pool_request.request
    )
  File "D:\AI-AGENT_Krishnaik\Python\Attandance\atenv\Lib\site-packages\httpcore\_sync\connection.py", line 101, in handle_request
    raise exc
  File "D:\AI-AGENT_Krishnaik\Python\Attandance\atenv\Lib\site-packages\httpcore\_sync\connection.py", line 78, in handle_request
    stream = self._connect(request)
  File "D:\AI-AGENT_Krishnaik\Python\Attandance\atenv\Lib\site-packages\httpcore\_sync\connection.py", line 124, in _connect
    stream = self._network_backend.connect_tcp(**kwargs)
  File "D:\AI-AGENT_Krishnaik\Python\Attandance\atenv\Lib\site-packages\httpcore\_backends\sync.py", line 207, in connect_tcp
    with map_exceptions(exc_map):
         ~~~~~~~~~~~~~~^^^^^^^^^
  File "C:\Users\aiswa\AppData\Local\Programs\Python\Python313\Lib\contextlib.py", line 162, in __exit__
    self.gen.throw(value)
    ~~~~~~~~~~~~~~^^^^^^^
  File "D:\AI-AGENT_Krishnaik\Python\Attandance\atenv\Lib\site-packages\httpcore\_exceptions.py", line 14, in map_exceptions
    raise to_exc(exc) from exc
httpcore.ConnectError: [Errno 11001] getaddrinfo failed

The above exception was the direct cause of the following exception:

Traceback (most recent call last):
  File "D:\AI-AGENT_Krishnaik\Python\Attandance\Attendence\admin.py", line 52, in sidebar_controls
    exists = supabase.table("classroom_settings").select("*").eq("class_name", class_input).execute().data
             ~~~~~~~~~~~~~~~~~~~~~~~~~~~~~~~~~~~~~~~~~~~~~~~~~~~~~~~~~~~~~~~~~~~~~~~~~~~~~~~~~~~~~~^^
  File "D:\AI-AGENT_Krishnaik\Python\Attandance\atenv\Lib\site-packages\postgrest\_sync\request_builder.py", line 47, in execute
    r = self.request.send()
  File "D:\AI-AGENT_Krishnaik\Python\Attandance\atenv\Lib\site-packages\postgrest\base_request_builder.py", line 81, in send
    return self.session.request(
           ~~~~~~~~~~~~~~~~~~~~^
        self.http_method,
        ^^^^^^^^^^^^^^^^^
    ...<4 lines>...
        auth=self.auth,
        ^^^^^^^^^^^^^^^
    )
    ^
  File "D:\AI-AGENT_Krishnaik\Python\Attandance\atenv\Lib\site-packages\httpx\_client.py", line 825, in request
    return self.send(request, auth=auth, follow_redirects=follow_redirects)
           ~~~~~~~~~^^^^^^^^^^^^^^^^^^^^^^^^^^^^^^^^^^^^^^^^^^^^^^^^^^^^^^^
  File "D:\AI-AGENT_Krishnaik\Python\Attandance\atenv\Lib\site-packages\httpx\_client.py", line 914, in send
    response = self._send_handling_auth(
        request,
    ...<2 lines>...
        history=[],
    )
  File "D:\AI-AGENT_Krishnaik\Python\Attandance\atenv\Lib\site-packages\httpx\_client.py", line 942, in _send_handling_auth
    response = self._send_handling_redirects(
        request,
        follow_redirects=follow_redirects,
        history=history,
    )
  File "D:\AI-AGENT_Krishnaik\Python\Attandance\atenv\Lib\site-packages\httpx\_client.py", line 979, in _send_handling_redirects
    response = self._send_single_request(request)
  File "D:\AI-AGENT_Krishnaik\Python\Attandance\atenv\Lib\site-packages\httpx\_client.py", line 1014, in _send_single_request
    response = transport.handle_request(request)
  File "D:\AI-AGENT_Krishnaik\Python\Attandance\atenv\Lib\site-packages\httpx\_transports\default.py", line 249, in handle_request
    with map_httpcore_exceptions():
         ~~~~~~~~~~~~~~~~~~~~~~~^^
  File "C:\Users\aiswa\AppData\Local\Programs\Python\Python313\Lib\contextlib.py", line 162, in __exit__
    self.gen.throw(value)
    ~~~~~~~~~~~~~~^^^^^^^
  File "D:\AI-AGENT_Krishnaik\Python\Attandance\atenv\Lib\site-packages\httpx\_transports\default.py", line 118, in map_httpcore_exceptions
    raise mapped_exc(message) from exc
httpx.ConnectError: [Errno 11001] getaddrinfo failed
2026-04-27 22:52:33,219 | ERROR | Attendence.admin | admin.py:91 | class_controls() | Failed to fetch classes
Traceback (most recent call last):
  File "D:\AI-AGENT_Krishnaik\Python\Attandance\atenv\Lib\site-packages\httpx\_transports\default.py", line 101, in map_httpcore_exceptions
    yield
  File "D:\AI-AGENT_Krishnaik\Python\Attandance\atenv\Lib\site-packages\httpx\_transports\default.py", line 250, in handle_request
    resp = self._pool.handle_request(req)
  File "D:\AI-AGENT_Krishnaik\Python\Attandance\atenv\Lib\site-packages\httpcore\_sync\connection_pool.py", line 256, in handle_request
    raise exc from None
  File "D:\AI-AGENT_Krishnaik\Python\Attandance\atenv\Lib\site-packages\httpcore\_sync\connection_pool.py", line 236, in handle_request
    response = connection.handle_request(
        pool_request.request
    )
  File "D:\AI-AGENT_Krishnaik\Python\Attandance\atenv\Lib\site-packages\httpcore\_sync\connection.py", line 101, in handle_request
    raise exc
  File "D:\AI-AGENT_Krishnaik\Python\Attandance\atenv\Lib\site-packages\httpcore\_sync\connection.py", line 78, in handle_request
    stream = self._connect(request)
  File "D:\AI-AGENT_Krishnaik\Python\Attandance\atenv\Lib\site-packages\httpcore\_sync\connection.py", line 124, in _connect
    stream = self._network_backend.connect_tcp(**kwargs)
  File "D:\AI-AGENT_Krishnaik\Python\Attandance\atenv\Lib\site-packages\httpcore\_backends\sync.py", line 207, in connect_tcp
    with map_exceptions(exc_map):
         ~~~~~~~~~~~~~~^^^^^^^^^
  File "C:\Users\aiswa\AppData\Local\Programs\Python\Python313\Lib\contextlib.py", line 162, in __exit__
    self.gen.throw(value)
    ~~~~~~~~~~~~~~^^^^^^^
  File "D:\AI-AGENT_Krishnaik\Python\Attandance\atenv\Lib\site-packages\httpcore\_exceptions.py", line 14, in map_exceptions
    raise to_exc(exc) from exc
httpcore.ConnectError: [Errno 11001] getaddrinfo failed

The above exception was the direct cause of the following exception:

Traceback (most recent call last):
  File "D:\AI-AGENT_Krishnaik\Python\Attandance\Attendence\admin.py", line 88, in class_controls
    classes_resp = supabase.table("classroom_settings").select("*").execute()
  File "D:\AI-AGENT_Krishnaik\Python\Attandance\atenv\Lib\site-packages\postgrest\_sync\request_builder.py", line 47, in execute
    r = self.request.send()
  File "D:\AI-AGENT_Krishnaik\Python\Attandance\atenv\Lib\site-packages\postgrest\base_request_builder.py", line 81, in send
    return self.session.request(
           ~~~~~~~~~~~~~~~~~~~~^
        self.http_method,
        ^^^^^^^^^^^^^^^^^
    ...<4 lines>...
        auth=self.auth,
        ^^^^^^^^^^^^^^^
    )
    ^
  File "D:\AI-AGENT_Krishnaik\Python\Attandance\atenv\Lib\site-packages\httpx\_client.py", line 825, in request
    return self.send(request, auth=auth, follow_redirects=follow_redirects)
           ~~~~~~~~~^^^^^^^^^^^^^^^^^^^^^^^^^^^^^^^^^^^^^^^^^^^^^^^^^^^^^^^
  File "D:\AI-AGENT_Krishnaik\Python\Attandance\atenv\Lib\site-packages\httpx\_client.py", line 914, in send
    response = self._send_handling_auth(
        request,
    ...<2 lines>...
        history=[],
    )
  File "D:\AI-AGENT_Krishnaik\Python\Attandance\atenv\Lib\site-packages\httpx\_client.py", line 942, in _send_handling_auth
    response = self._send_handling_redirects(
        request,
        follow_redirects=follow_redirects,
        history=history,
    )
  File "D:\AI-AGENT_Krishnaik\Python\Attandance\atenv\Lib\site-packages\httpx\_client.py", line 979, in _send_handling_redirects
    response = self._send_single_request(request)
  File "D:\AI-AGENT_Krishnaik\Python\Attandance\atenv\Lib\site-packages\httpx\_client.py", line 1014, in _send_single_request
    response = transport.handle_request(request)
  File "D:\AI-AGENT_Krishnaik\Python\Attandance\atenv\Lib\site-packages\httpx\_transports\default.py", line 249, in handle_request
    with map_httpcore_exceptions():
         ~~~~~~~~~~~~~~~~~~~~~~~^^
  File "C:\Users\aiswa\AppData\Local\Programs\Python\Python313\Lib\contextlib.py", line 162, in __exit__
    self.gen.throw(value)
    ~~~~~~~~~~~~~~^^^^^^^
  File "D:\AI-AGENT_Krishnaik\Python\Attandance\atenv\Lib\site-packages\httpx\_transports\default.py", line 118, in map_httpcore_exceptions
    raise mapped_exc(message) from exc
httpx.ConnectError: [Errno 11001] getaddrinfo failed
2026-04-27 22:52:47,998 | ERROR | Attendence.admin | admin.py:81 | sidebar_controls() | Error in sidebar_controls
Traceback (most recent call last):
  File "D:\AI-AGENT_Krishnaik\Python\Attandance\atenv\Lib\site-packages\httpx\_transports\default.py", line 101, in map_httpcore_exceptions
    yield
  File "D:\AI-AGENT_Krishnaik\Python\Attandance\atenv\Lib\site-packages\httpx\_transports\default.py", line 250, in handle_request
    resp = self._pool.handle_request(req)
  File "D:\AI-AGENT_Krishnaik\Python\Attandance\atenv\Lib\site-packages\httpcore\_sync\connection_pool.py", line 256, in handle_request
    raise exc from None
  File "D:\AI-AGENT_Krishnaik\Python\Attandance\atenv\Lib\site-packages\httpcore\_sync\connection_pool.py", line 236, in handle_request
    response = connection.handle_request(
        pool_request.request
    )
  File "D:\AI-AGENT_Krishnaik\Python\Attandance\atenv\Lib\site-packages\httpcore\_sync\connection.py", line 101, in handle_request
    raise exc
  File "D:\AI-AGENT_Krishnaik\Python\Attandance\atenv\Lib\site-packages\httpcore\_sync\connection.py", line 78, in handle_request
    stream = self._connect(request)
  File "D:\AI-AGENT_Krishnaik\Python\Attandance\atenv\Lib\site-packages\httpcore\_sync\connection.py", line 124, in _connect
    stream = self._network_backend.connect_tcp(**kwargs)
  File "D:\AI-AGENT_Krishnaik\Python\Attandance\atenv\Lib\site-packages\httpcore\_backends\sync.py", line 207, in connect_tcp
    with map_exceptions(exc_map):
         ~~~~~~~~~~~~~~^^^^^^^^^
  File "C:\Users\aiswa\AppData\Local\Programs\Python\Python313\Lib\contextlib.py", line 162, in __exit__
    self.gen.throw(value)
    ~~~~~~~~~~~~~~^^^^^^^
  File "D:\AI-AGENT_Krishnaik\Python\Attandance\atenv\Lib\site-packages\httpcore\_exceptions.py", line 14, in map_exceptions
    raise to_exc(exc) from exc
httpcore.ConnectError: [Errno 11001] getaddrinfo failed

The above exception was the direct cause of the following exception:

Traceback (most recent call last):
  File "D:\AI-AGENT_Krishnaik\Python\Attandance\Attendence\admin.py", line 52, in sidebar_controls
    exists = supabase.table("classroom_settings").select("*").eq("class_name", class_input).execute().data
             ~~~~~~~~~~~~~~~~~~~~~~~~~~~~~~~~~~~~~~~~~~~~~~~~~~~~~~~~~~~~~~~~~~~~~~~~~~~~~~~~~~~~~~^^
  File "D:\AI-AGENT_Krishnaik\Python\Attandance\atenv\Lib\site-packages\postgrest\_sync\request_builder.py", line 47, in execute
    r = self.request.send()
  File "D:\AI-AGENT_Krishnaik\Python\Attandance\atenv\Lib\site-packages\postgrest\base_request_builder.py", line 81, in send
    return self.session.request(
           ~~~~~~~~~~~~~~~~~~~~^
        self.http_method,
        ^^^^^^^^^^^^^^^^^
    ...<4 lines>...
        auth=self.auth,
        ^^^^^^^^^^^^^^^
    )
    ^
  File "D:\AI-AGENT_Krishnaik\Python\Attandance\atenv\Lib\site-packages\httpx\_client.py", line 825, in request
    return self.send(request, auth=auth, follow_redirects=follow_redirects)
           ~~~~~~~~~^^^^^^^^^^^^^^^^^^^^^^^^^^^^^^^^^^^^^^^^^^^^^^^^^^^^^^^
  File "D:\AI-AGENT_Krishnaik\Python\Attandance\atenv\Lib\site-packages\httpx\_client.py", line 914, in send
    response = self._send_handling_auth(
        request,
    ...<2 lines>...
        history=[],
    )
  File "D:\AI-AGENT_Krishnaik\Python\Attandance\atenv\Lib\site-packages\httpx\_client.py", line 942, in _send_handling_auth
    response = self._send_handling_redirects(
        request,
        follow_redirects=follow_redirects,
        history=history,
    )
  File "D:\AI-AGENT_Krishnaik\Python\Attandance\atenv\Lib\site-packages\httpx\_client.py", line 979, in _send_handling_redirects
    response = self._send_single_request(request)
  File "D:\AI-AGENT_Krishnaik\Python\Attandance\atenv\Lib\site-packages\httpx\_client.py", line 1014, in _send_single_request
    response = transport.handle_request(request)
  File "D:\AI-AGENT_Krishnaik\Python\Attandance\atenv\Lib\site-packages\httpx\_transports\default.py", line 249, in handle_request
    with map_httpcore_exceptions():
         ~~~~~~~~~~~~~~~~~~~~~~~^^
  File "C:\Users\aiswa\AppData\Local\Programs\Python\Python313\Lib\contextlib.py", line 162, in __exit__
    self.gen.throw(value)
    ~~~~~~~~~~~~~~^^^^^^^
  File "D:\AI-AGENT_Krishnaik\Python\Attandance\atenv\Lib\site-packages\httpx\_transports\default.py", line 118, in map_httpcore_exceptions
    raise mapped_exc(message) from exc
httpx.ConnectError: [Errno 11001] getaddrinfo failed
2026-04-27 22:52:48,009 | ERROR | Attendence.admin | admin.py:91 | class_controls() | Failed to fetch classes
Traceback (most recent call last):
  File "D:\AI-AGENT_Krishnaik\Python\Attandance\atenv\Lib\site-packages\httpx\_transports\default.py", line 101, in map_httpcore_exceptions
    yield
  File "D:\AI-AGENT_Krishnaik\Python\Attandance\atenv\Lib\site-packages\httpx\_transports\default.py", line 250, in handle_request
    resp = self._pool.handle_request(req)
  File "D:\AI-AGENT_Krishnaik\Python\Attandance\atenv\Lib\site-packages\httpcore\_sync\connection_pool.py", line 256, in handle_request
    raise exc from None
  File "D:\AI-AGENT_Krishnaik\Python\Attandance\atenv\Lib\site-packages\httpcore\_sync\connection_pool.py", line 236, in handle_request
    response = connection.handle_request(
        pool_request.request
    )
  File "D:\AI-AGENT_Krishnaik\Python\Attandance\atenv\Lib\site-packages\httpcore\_sync\connection.py", line 101, in handle_request
    raise exc
  File "D:\AI-AGENT_Krishnaik\Python\Attandance\atenv\Lib\site-packages\httpcore\_sync\connection.py", line 78, in handle_request
    stream = self._connect(request)
  File "D:\AI-AGENT_Krishnaik\Python\Attandance\atenv\Lib\site-packages\httpcore\_sync\connection.py", line 124, in _connect
    stream = self._network_backend.connect_tcp(**kwargs)
  File "D:\AI-AGENT_Krishnaik\Python\Attandance\atenv\Lib\site-packages\httpcore\_backends\sync.py", line 207, in connect_tcp
    with map_exceptions(exc_map):
         ~~~~~~~~~~~~~~^^^^^^^^^
  File "C:\Users\aiswa\AppData\Local\Programs\Python\Python313\Lib\contextlib.py", line 162, in __exit__
    self.gen.throw(value)
    ~~~~~~~~~~~~~~^^^^^^^
  File "D:\AI-AGENT_Krishnaik\Python\Attandance\atenv\Lib\site-packages\httpcore\_exceptions.py", line 14, in map_exceptions
    raise to_exc(exc) from exc
httpcore.ConnectError: [Errno 11001] getaddrinfo failed

The above exception was the direct cause of the following exception:

Traceback (most recent call last):
  File "D:\AI-AGENT_Krishnaik\Python\Attandance\Attendence\admin.py", line 88, in class_controls
    classes_resp = supabase.table("classroom_settings").select("*").execute()
  File "D:\AI-AGENT_Krishnaik\Python\Attandance\atenv\Lib\site-packages\postgrest\_sync\request_builder.py", line 47, in execute
    r = self.request.send()
  File "D:\AI-AGENT_Krishnaik\Python\Attandance\atenv\Lib\site-packages\postgrest\base_request_builder.py", line 81, in send
    return self.session.request(
           ~~~~~~~~~~~~~~~~~~~~^
        self.http_method,
        ^^^^^^^^^^^^^^^^^
    ...<4 lines>...
        auth=self.auth,
        ^^^^^^^^^^^^^^^
    )
    ^
  File "D:\AI-AGENT_Krishnaik\Python\Attandance\atenv\Lib\site-packages\httpx\_client.py", line 825, in request
    return self.send(request, auth=auth, follow_redirects=follow_redirects)
           ~~~~~~~~~^^^^^^^^^^^^^^^^^^^^^^^^^^^^^^^^^^^^^^^^^^^^^^^^^^^^^^^
  File "D:\AI-AGENT_Krishnaik\Python\Attandance\atenv\Lib\site-packages\httpx\_client.py", line 914, in send
    response = self._send_handling_auth(
        request,
    ...<2 lines>...
        history=[],
    )
  File "D:\AI-AGENT_Krishnaik\Python\Attandance\atenv\Lib\site-packages\httpx\_client.py", line 942, in _send_handling_auth
    response = self._send_handling_redirects(
        request,
        follow_redirects=follow_redirects,
        history=history,
    )
  File "D:\AI-AGENT_Krishnaik\Python\Attandance\atenv\Lib\site-packages\httpx\_client.py", line 979, in _send_handling_redirects
    response = self._send_single_request(request)
  File "D:\AI-AGENT_Krishnaik\Python\Attandance\atenv\Lib\site-packages\httpx\_client.py", line 1014, in _send_single_request
    response = transport.handle_request(request)
  File "D:\AI-AGENT_Krishnaik\Python\Attandance\atenv\Lib\site-packages\httpx\_transports\default.py", line 249, in handle_request
    with map_httpcore_exceptions():
         ~~~~~~~~~~~~~~~~~~~~~~~^^
  File "C:\Users\aiswa\AppData\Local\Programs\Python\Python313\Lib\contextlib.py", line 162, in __exit__
    self.gen.throw(value)
    ~~~~~~~~~~~~~~^^^^^^^
  File "D:\AI-AGENT_Krishnaik\Python\Attandance\atenv\Lib\site-packages\httpx\_transports\default.py", line 118, in map_httpcore_exceptions
    raise mapped_exc(message) from exc
httpx.ConnectError: [Errno 11001] getaddrinfo failed
2026-04-27 22:52:57,322 | ERROR | Attendence.admin | admin.py:81 | sidebar_controls() | Error in sidebar_controls
Traceback (most recent call last):
  File "D:\AI-AGENT_Krishnaik\Python\Attandance\atenv\Lib\site-packages\httpx\_transports\default.py", line 101, in map_httpcore_exceptions
    yield
  File "D:\AI-AGENT_Krishnaik\Python\Attandance\atenv\Lib\site-packages\httpx\_transports\default.py", line 250, in handle_request
    resp = self._pool.handle_request(req)
  File "D:\AI-AGENT_Krishnaik\Python\Attandance\atenv\Lib\site-packages\httpcore\_sync\connection_pool.py", line 256, in handle_request
    raise exc from None
  File "D:\AI-AGENT_Krishnaik\Python\Attandance\atenv\Lib\site-packages\httpcore\_sync\connection_pool.py", line 236, in handle_request
    response = connection.handle_request(
        pool_request.request
    )
  File "D:\AI-AGENT_Krishnaik\Python\Attandance\atenv\Lib\site-packages\httpcore\_sync\connection.py", line 101, in handle_request
    raise exc
  File "D:\AI-AGENT_Krishnaik\Python\Attandance\atenv\Lib\site-packages\httpcore\_sync\connection.py", line 78, in handle_request
    stream = self._connect(request)
  File "D:\AI-AGENT_Krishnaik\Python\Attandance\atenv\Lib\site-packages\httpcore\_sync\connection.py", line 124, in _connect
    stream = self._network_backend.connect_tcp(**kwargs)
  File "D:\AI-AGENT_Krishnaik\Python\Attandance\atenv\Lib\site-packages\httpcore\_backends\sync.py", line 207, in connect_tcp
    with map_exceptions(exc_map):
         ~~~~~~~~~~~~~~^^^^^^^^^
  File "C:\Users\aiswa\AppData\Local\Programs\Python\Python313\Lib\contextlib.py", line 162, in __exit__
    self.gen.throw(value)
    ~~~~~~~~~~~~~~^^^^^^^
  File "D:\AI-AGENT_Krishnaik\Python\Attandance\atenv\Lib\site-packages\httpcore\_exceptions.py", line 14, in map_exceptions
    raise to_exc(exc) from exc
httpcore.ConnectError: [Errno 11001] getaddrinfo failed

The above exception was the direct cause of the following exception:

Traceback (most recent call last):
  File "D:\AI-AGENT_Krishnaik\Python\Attandance\Attendence\admin.py", line 52, in sidebar_controls
    exists = supabase.table("classroom_settings").select("*").eq("class_name", class_input).execute().data
             ~~~~~~~~~~~~~~~~~~~~~~~~~~~~~~~~~~~~~~~~~~~~~~~~~~~~~~~~~~~~~~~~~~~~~~~~~~~~~~~~~~~~~~^^
  File "D:\AI-AGENT_Krishnaik\Python\Attandance\atenv\Lib\site-packages\postgrest\_sync\request_builder.py", line 47, in execute
    r = self.request.send()
  File "D:\AI-AGENT_Krishnaik\Python\Attandance\atenv\Lib\site-packages\postgrest\base_request_builder.py", line 81, in send
    return self.session.request(
           ~~~~~~~~~~~~~~~~~~~~^
        self.http_method,
        ^^^^^^^^^^^^^^^^^
    ...<4 lines>...
        auth=self.auth,
        ^^^^^^^^^^^^^^^
    )
    ^
  File "D:\AI-AGENT_Krishnaik\Python\Attandance\atenv\Lib\site-packages\httpx\_client.py", line 825, in request
    return self.send(request, auth=auth, follow_redirects=follow_redirects)
           ~~~~~~~~~^^^^^^^^^^^^^^^^^^^^^^^^^^^^^^^^^^^^^^^^^^^^^^^^^^^^^^^
  File "D:\AI-AGENT_Krishnaik\Python\Attandance\atenv\Lib\site-packages\httpx\_client.py", line 914, in send
    response = self._send_handling_auth(
        request,
    ...<2 lines>...
        history=[],
    )
  File "D:\AI-AGENT_Krishnaik\Python\Attandance\atenv\Lib\site-packages\httpx\_client.py", line 942, in _send_handling_auth
    response = self._send_handling_redirects(
        request,
        follow_redirects=follow_redirects,
        history=history,
    )
  File "D:\AI-AGENT_Krishnaik\Python\Attandance\atenv\Lib\site-packages\httpx\_client.py", line 979, in _send_handling_redirects
    response = self._send_single_request(request)
  File "D:\AI-AGENT_Krishnaik\Python\Attandance\atenv\Lib\site-packages\httpx\_client.py", line 1014, in _send_single_request
    response = transport.handle_request(request)
  File "D:\AI-AGENT_Krishnaik\Python\Attandance\atenv\Lib\site-packages\httpx\_transports\default.py", line 249, in handle_request
    with map_httpcore_exceptions():
         ~~~~~~~~~~~~~~~~~~~~~~~^^
  File "C:\Users\aiswa\AppData\Local\Programs\Python\Python313\Lib\contextlib.py", line 162, in __exit__
    self.gen.throw(value)
    ~~~~~~~~~~~~~~^^^^^^^
  File "D:\AI-AGENT_Krishnaik\Python\Attandance\atenv\Lib\site-packages\httpx\_transports\default.py", line 118, in map_httpcore_exceptions
    raise mapped_exc(message) from exc
httpx.ConnectError: [Errno 11001] getaddrinfo failed
2026-04-27 22:52:57,333 | ERROR | Attendence.admin | admin.py:91 | class_controls() | Failed to fetch classes
Traceback (most recent call last):
  File "D:\AI-AGENT_Krishnaik\Python\Attandance\atenv\Lib\site-packages\httpx\_transports\default.py", line 101, in map_httpcore_exceptions
    yield
  File "D:\AI-AGENT_Krishnaik\Python\Attandance\atenv\Lib\site-packages\httpx\_transports\default.py", line 250, in handle_request
    resp = self._pool.handle_request(req)
  File "D:\AI-AGENT_Krishnaik\Python\Attandance\atenv\Lib\site-packages\httpcore\_sync\connection_pool.py", line 256, in handle_request
    raise exc from None
  File "D:\AI-AGENT_Krishnaik\Python\Attandance\atenv\Lib\site-packages\httpcore\_sync\connection_pool.py", line 236, in handle_request
    response = connection.handle_request(
        pool_request.request
    )
  File "D:\AI-AGENT_Krishnaik\Python\Attandance\atenv\Lib\site-packages\httpcore\_sync\connection.py", line 101, in handle_request
    raise exc
  File "D:\AI-AGENT_Krishnaik\Python\Attandance\atenv\Lib\site-packages\httpcore\_sync\connection.py", line 78, in handle_request
    stream = self._connect(request)
  File "D:\AI-AGENT_Krishnaik\Python\Attandance\atenv\Lib\site-packages\httpcore\_sync\connection.py", line 124, in _connect
    stream = self._network_backend.connect_tcp(**kwargs)
  File "D:\AI-AGENT_Krishnaik\Python\Attandance\atenv\Lib\site-packages\httpcore\_backends\sync.py", line 207, in connect_tcp
    with map_exceptions(exc_map):
         ~~~~~~~~~~~~~~^^^^^^^^^
  File "C:\Users\aiswa\AppData\Local\Programs\Python\Python313\Lib\contextlib.py", line 162, in __exit__
    self.gen.throw(value)
    ~~~~~~~~~~~~~~^^^^^^^
  File "D:\AI-AGENT_Krishnaik\Python\Attandance\atenv\Lib\site-packages\httpcore\_exceptions.py", line 14, in map_exceptions
    raise to_exc(exc) from exc
httpcore.ConnectError: [Errno 11001] getaddrinfo failed

The above exception was the direct cause of the following exception:

Traceback (most recent call last):
  File "D:\AI-AGENT_Krishnaik\Python\Attandance\Attendence\admin.py", line 88, in class_controls
    classes_resp = supabase.table("classroom_settings").select("*").execute()
  File "D:\AI-AGENT_Krishnaik\Python\Attandance\atenv\Lib\site-packages\postgrest\_sync\request_builder.py", line 47, in execute
    r = self.request.send()
  File "D:\AI-AGENT_Krishnaik\Python\Attandance\atenv\Lib\site-packages\postgrest\base_request_builder.py", line 81, in send
    return self.session.request(
           ~~~~~~~~~~~~~~~~~~~~^
        self.http_method,
        ^^^^^^^^^^^^^^^^^
    ...<4 lines>...
        auth=self.auth,
        ^^^^^^^^^^^^^^^
    )
    ^
  File "D:\AI-AGENT_Krishnaik\Python\Attandance\atenv\Lib\site-packages\httpx\_client.py", line 825, in request
    return self.send(request, auth=auth, follow_redirects=follow_redirects)
           ~~~~~~~~~^^^^^^^^^^^^^^^^^^^^^^^^^^^^^^^^^^^^^^^^^^^^^^^^^^^^^^^
  File "D:\AI-AGENT_Krishnaik\Python\Attandance\atenv\Lib\site-packages\httpx\_client.py", line 914, in send
    response = self._send_handling_auth(
        request,
    ...<2 lines>...
        history=[],
    )
  File "D:\AI-AGENT_Krishnaik\Python\Attandance\atenv\Lib\site-packages\httpx\_client.py", line 942, in _send_handling_auth
    response = self._send_handling_redirects(
        request,
        follow_redirects=follow_redirects,
        history=history,
    )
  File "D:\AI-AGENT_Krishnaik\Python\Attandance\atenv\Lib\site-packages\httpx\_client.py", line 979, in _send_handling_redirects
    response = self._send_single_request(request)
  File "D:\AI-AGENT_Krishnaik\Python\Attandance\atenv\Lib\site-packages\httpx\_client.py", line 1014, in _send_single_request
    response = transport.handle_request(request)
  File "D:\AI-AGENT_Krishnaik\Python\Attandance\atenv\Lib\site-packages\httpx\_transports\default.py", line 249, in handle_request
    with map_httpcore_exceptions():
         ~~~~~~~~~~~~~~~~~~~~~~~^^
  File "C:\Users\aiswa\AppData\Local\Programs\Python\Python313\Lib\contextlib.py", line 162, in __exit__
    self.gen.throw(value)
    ~~~~~~~~~~~~~~^^^^^^^
  File "D:\AI-AGENT_Krishnaik\Python\Attandance\atenv\Lib\site-packages\httpx\_transports\default.py", line 118, in map_httpcore_exceptions
    raise mapped_exc(message) from exc
httpx.ConnectError: [Errno 11001] getaddrinfo failed
2026-04-27 22:54:11,811 | ERROR | Attendence.admin | admin.py:91 | class_controls() | Failed to fetch classes
Traceback (most recent call last):
  File "D:\AI-AGENT_Krishnaik\Python\Attandance\atenv\Lib\site-packages\httpx\_transports\default.py", line 101, in map_httpcore_exceptions
    yield
  File "D:\AI-AGENT_Krishnaik\Python\Attandance\atenv\Lib\site-packages\httpx\_transports\default.py", line 250, in handle_request
    resp = self._pool.handle_request(req)
  File "D:\AI-AGENT_Krishnaik\Python\Attandance\atenv\Lib\site-packages\httpcore\_sync\connection_pool.py", line 256, in handle_request
    raise exc from None
  File "D:\AI-AGENT_Krishnaik\Python\Attandance\atenv\Lib\site-packages\httpcore\_sync\connection_pool.py", line 236, in handle_request
    response = connection.handle_request(
        pool_request.request
    )
  File "D:\AI-AGENT_Krishnaik\Python\Attandance\atenv\Lib\site-packages\httpcore\_sync\connection.py", line 101, in handle_request
    raise exc
  File "D:\AI-AGENT_Krishnaik\Python\Attandance\atenv\Lib\site-packages\httpcore\_sync\connection.py", line 78, in handle_request
    stream = self._connect(request)
  File "D:\AI-AGENT_Krishnaik\Python\Attandance\atenv\Lib\site-packages\httpcore\_sync\connection.py", line 124, in _connect
    stream = self._network_backend.connect_tcp(**kwargs)
  File "D:\AI-AGENT_Krishnaik\Python\Attandance\atenv\Lib\site-packages\httpcore\_backends\sync.py", line 207, in connect_tcp
    with map_exceptions(exc_map):
         ~~~~~~~~~~~~~~^^^^^^^^^
  File "C:\Users\aiswa\AppData\Local\Programs\Python\Python313\Lib\contextlib.py", line 162, in __exit__
    self.gen.throw(value)
    ~~~~~~~~~~~~~~^^^^^^^
  File "D:\AI-AGENT_Krishnaik\Python\Attandance\atenv\Lib\site-packages\httpcore\_exceptions.py", line 14, in map_exceptions
    raise to_exc(exc) from exc
httpcore.ConnectError: [Errno 11001] getaddrinfo failed

The above exception was the direct cause of the following exception:

Traceback (most recent call last):
  File "D:\AI-AGENT_Krishnaik\Python\Attandance\Attendence\admin.py", line 88, in class_controls
    classes_resp = supabase.table("classroom_settings").select("*").execute()
  File "D:\AI-AGENT_Krishnaik\Python\Attandance\atenv\Lib\site-packages\postgrest\_sync\request_builder.py", line 47, in execute
    r = self.request.send()
  File "D:\AI-AGENT_Krishnaik\Python\Attandance\atenv\Lib\site-packages\postgrest\base_request_builder.py", line 81, in send
    return self.session.request(
           ~~~~~~~~~~~~~~~~~~~~^
        self.http_method,
        ^^^^^^^^^^^^^^^^^
    ...<4 lines>...
        auth=self.auth,
        ^^^^^^^^^^^^^^^
    )
    ^
  File "D:\AI-AGENT_Krishnaik\Python\Attandance\atenv\Lib\site-packages\httpx\_client.py", line 825, in request
    return self.send(request, auth=auth, follow_redirects=follow_redirects)
           ~~~~~~~~~^^^^^^^^^^^^^^^^^^^^^^^^^^^^^^^^^^^^^^^^^^^^^^^^^^^^^^^
  File "D:\AI-AGENT_Krishnaik\Python\Attandance\atenv\Lib\site-packages\httpx\_client.py", line 914, in send
    response = self._send_handling_auth(
        request,
    ...<2 lines>...
        history=[],
    )
  File "D:\AI-AGENT_Krishnaik\Python\Attandance\atenv\Lib\site-packages\httpx\_client.py", line 942, in _send_handling_auth
    response = self._send_handling_redirects(
        request,
        follow_redirects=follow_redirects,
        history=history,
    )
  File "D:\AI-AGENT_Krishnaik\Python\Attandance\atenv\Lib\site-packages\httpx\_client.py", line 979, in _send_handling_redirects
    response = self._send_single_request(request)
  File "D:\AI-AGENT_Krishnaik\Python\Attandance\atenv\Lib\site-packages\httpx\_client.py", line 1014, in _send_single_request
    response = transport.handle_request(request)
  File "D:\AI-AGENT_Krishnaik\Python\Attandance\atenv\Lib\site-packages\httpx\_transports\default.py", line 249, in handle_request
    with map_httpcore_exceptions():
         ~~~~~~~~~~~~~~~~~~~~~~~^^
  File "C:\Users\aiswa\AppData\Local\Programs\Python\Python313\Lib\contextlib.py", line 162, in __exit__
    self.gen.throw(value)
    ~~~~~~~~~~~~~~^^^^^^^
  File "D:\AI-AGENT_Krishnaik\Python\Attandance\atenv\Lib\site-packages\httpx\_transports\default.py", line 118, in map_httpcore_exceptions
    raise mapped_exc(message) from exc
httpx.ConnectError: [Errno 11001] getaddrinfo failed
